chr1	0	58871917
chr10	0	45574255
chr11	0	45107271
chr12	0	49229541
chr13	0	51780250
chr14	0	51944548
chr15	0	47771147
chr16	0	55381981
chr17	0	53345113
chr18	0	51008593
chr19	0	48790377
chr2	0	59543403
chr20	0	55370968
chr21	0	45895719
chr22	0	39226288
chr23	0	46272358
chr24	0	42251103
chr25	0	36898761
chr3	0	62385949
chr4	0	76625712
chr5	0	71715914
chr6	0	60272633
chr7	0	74082188
chr8	0	54191831
chr9	0	56892771
chrUn_KN149679v1	0	35552
chrUn_KN149680v1	0	38724
chrUn_KN149681v1	0	107758
chrUn_KN149682v1	0	137468
chrUn_KN149683v1	0	152860
